// Jest Snapshot v1, https://goo.gl/fbAQLP

exports[`Should component render 1`] = `
<button
  className="btn-add-card"
  onClick={[Function]}
>
   + Add Card 
</button>
`;
