// Jest Snapshot v1, https://goo.gl/fbAQLP

exports[`Should component render with default props 1`] = `
<button
  className="btn-add-board"
  onClick={[Function]}
>
   + Add Board 
</button>
`;
